array:5 [
  "message" => "Call to undefined method App\Domain\Sales\Services\FinancialCalculator::isZero()"
  "exception" => "Error"
  "file" => "/var/www/html/app/Domain/Accounting/Services/DoubleEntryEngine.php"
  "line" => 79
  "trace" => array:37 [
    0 => array:5 [
      "file" => "/var/www/html/vendor/laravel/framework/src/Illuminate/Database/Concerns/ManagesTransactions.php"
      "line" => 35
      "function" => "{closure:App\Domain\Accounting\Services\DoubleEntryEngine::recordEntry():58}"
      "class" => "App\Domain\Accounting\Services\DoubleEntryEngine"
      "type" => "->"
    ]
    1 => array:5 [
      "file" => "/var/www/html/vendor/laravel/framework/src/Illuminate/Database/DatabaseManager.php"
      "line" => 496
      "function" => "transaction"
      "class" => "Illuminate\Database\Connection"
      "type" => "->"
    ]
    2 => array:5 [
      "file" => "/var/www/html/vendor/laravel/framework/src/Illuminate/Support/Facades/Facade.php"
      "line" => 363
      "function" => "__call"
      "class" => "Illuminate\Database\DatabaseManager"
      "type" => "->"
    ]
    3 => array:5 [
      "file" => "/var/www/html/app/Domain/Accounting/Services/DoubleEntryEngine.php"
      "line" => 58
      "function" => "__callStatic"
      "class" => "Illuminate\Support\Facades\Facade"
      "type" => "::"
    ]
    4 => array:5 [
      "file" => "/var/www/html/app/Domain/Sales/Controllers/TransactionController.php"
      "line" => 290
      "function" => "recordEntry"
      "class" => "App\Domain\Accounting\Services\DoubleEntryEngine"
      "type" => "->"
    ]
    5 => array:5 [
      "file" => "/var/www/html/vendor/laravel/framework/src/Illuminate/Database/Concerns/ManagesTransactions.php"
      "line" => 35
      "function" => "{closure:App\Domain\Sales\Controllers\TransactionController::checkout():82}"
      "class" => "App\Domain\Sales\Controllers\TransactionController"
      "type" => "->"
    ]
    6 => array:5 [
      "file" => "/var/www/html/vendor/laravel/framework/src/Illuminate/Database/DatabaseManager.php"
      "line" => 496
      "function" => "transaction"
      "class" => "Illuminate\Database\Connection"
      "type" => "->"
    ]
    7 => array:5 [
      "file" => "/var/www/html/vendor/laravel/framework/src/Illuminate/Support/Facades/Facade.php"
      "line" => 363
      "function" => "__call"
      "class" => "Illuminate\Database\DatabaseManager"
      "type" => "->"
    ]
    8 => array:5 [
      "file" => "/var/www/html/app/Domain/Sales/Controllers/TransactionController.php"
      "line" => 82
      "function" => "__callStatic"
      "class" => "Illuminate\Support\Facades\Facade"
      "type" => "::"
    ]
    9 => array:5 [
      "file" => "/var/www/html/vendor/laravel/framework/src/Illuminate/Routing/ControllerDispatcher.php"
      "line" => 46
      "function" => "checkout"
      "class" => "App\Domain\Sales\Controllers\TransactionController"
      "type" => "->"
    ]
    10 => array:5 [
      "file" => "/var/www/html/vendor/laravel/framework/src/Illuminate/Routing/Route.php"
      "line" => 269
      "function" => "dispatch"
      "class" => "Illuminate\Routing\ControllerDispatcher"
      "type" => "->"
    ]
    11 => array:5 [
      "file" => "/var/www/html/vendor/laravel/framework/src/Illuminate/Routing/Route.php"
      "line" => 215
      "function" => "runController"
      "class" => "Illuminate\Routing\Route"
      "type" => "->"
    ]
    12 => array:5 [
      "file" => "/var/www/html/vendor/laravel/framework/src/Illuminate/Routing/Router.php"
      "line" => 822
      "function" => "run"
      "class" => "Illuminate\Routing\Route"
      "type" => "->"
    ]
    13 => array:5 [
      "file" => "/var/www/html/vendor/laravel/framework/src/Illuminate/Pipeline/Pipeline.php"
      "line" => 180
      "function" => "{closure:Illuminate\Routing\Router::runRouteWithinStack():821}"
      "class" => "Illuminate\Routing\Router"
      "type" => "->"
    ]
    14 => array:5 [
      "file" => "/var/www/html/vendor/laravel/framework/src/Illuminate/Pipeline/Pipeline.php"
      "line" => 137
      "function" => "{closure:Illuminate\Pipeline\Pipeline::prepareDestination():178}"
      "class" => "Illuminate\Pipeline\Pipeline"
      "type" => "->"
    ]
    15 => array:5 [
      "file" => "/var/www/html/vendor/laravel/framework/src/Illuminate/Routing/Router.php"
      "line" => 821
      "function" => "then"
      "class" => "Illuminate\Pipeline\Pipeline"
      "type" => "->"
    ]
    16 => array:5 [
      "file" => "/var/www/html/vendor/laravel/framework/src/Illuminate/Routing/Router.php"
      "line" => 800
      "function" => "runRouteWithinStack"
      "class" => "Illuminate\Routing\Router"
      "type" => "->"
    ]
    17 => array:5 [
      "file" => "/var/www/html/vendor/laravel/framework/src/Illuminate/Routing/Router.php"
      "line" => 764
      "function" => "runRoute"
      "class" => "Illuminate\Routing\Router"
      "type" => "->"
    ]
    18 => array:5 [
      "file" => "/var/www/html/vendor/laravel/framework/src/Illuminate/Routing/Router.php"
      "line" => 753
      "function" => "dispatchToRoute"
      "class" => "Illuminate\Routing\Router"
      "type" => "->"
    ]
    19 => array:5 [
      "file" => "/var/www/html/vendor/laravel/framework/src/Illuminate/Foundation/Http/Kernel.php"
      "line" => 200
      "function" => "dispatch"
      "class" => "Illuminate\Routing\Router"
      "type" => "->"
    ]
    20 => array:5 [
      "file" => "/var/www/html/vendor/laravel/framework/src/Illuminate/Pipeline/Pipeline.php"
      "line" => 180
      "function" => "{closure:Illuminate\Foundation\Http\Kernel::dispatchToRouter():197}"
      "class" => "Illuminate\Foundation\Http\Kernel"
      "type" => "->"
    ]
    21 => array:5 [
      "file" => "/var/www/html/vendor/laravel/framework/src/Illuminate/Pipeline/Pipeline.php"
      "line" => 137
      "function" => "{closure:Illuminate\Pipeline\Pipeline::prepareDestination():178}"
      "class" => "Illuminate\Pipeline\Pipeline"
      "type" => "->"
    ]
    22 => array:5 [
      "file" => "/var/www/html/vendor/laravel/framework/src/Illuminate/Foundation/Http/Kernel.php"
      "line" => 175
      "function" => "then"
      "class" => "Illuminate\Pipeline\Pipeline"
      "type" => "->"
    ]
    23 => array:5 [
      "file" => "/var/www/html/vendor/laravel/framework/src/Illuminate/Foundation/Http/Kernel.php"
      "line" => 144
      "function" => "sendRequestThroughRouter"
      "class" => "Illuminate\Foundation\Http\Kernel"
      "type" => "->"
    ]
    24 => array:5 [
      "file" => "/var/www/html/vendor/laravel/framework/src/Illuminate/Foundation/Testing/Concerns/MakesHttpRequests.php"
      "line" => 607
      "function" => "handle"
      "class" => "Illuminate\Foundation\Http\Kernel"
      "type" => "->"
    ]
    25 => array:5 [
      "file" => "/var/www/html/vendor/laravel/framework/src/Illuminate/Foundation/Testing/Concerns/MakesHttpRequests.php"
      "line" => 573
      "function" => "call"
      "class" => "Illuminate\Foundation\Testing\TestCase"
      "type" => "->"
    ]
    26 => array:5 [
      "file" => "/var/www/html/vendor/laravel/framework/src/Illuminate/Foundation/Testing/Concerns/MakesHttpRequests.php"
      "line" => 411
      "function" => "json"
      "class" => "Illuminate\Foundation\Testing\TestCase"
      "type" => "->"
    ]
    27 => array:5 [
      "file" => "/var/www/html/tests/Feature/Finance/DoubleEntryIntegrityTest.php"
      "line" => 117
      "function" => "postJson"
      "class" => "Illuminate\Foundation\Testing\TestCase"
      "type" => "->"
    ]
    28 => array:5 [
      "file" => "/var/www/html/vendor/phpunit/phpunit/src/Framework/TestCase.php"
      "line" => 1318
      "function" => "test_sale_checkout_creates_balanced_journal_entry"
      "class" => "Tests\Feature\Finance\DoubleEntryIntegrityTest"
      "type" => "->"
    ]
    29 => array:5 [
      "file" => "/var/www/html/vendor/phpunit/phpunit/src/Framework/TestCase.php"
      "line" => 1355
      "function" => "invokeTestMethod"
      "class" => "PHPUnit\Framework\TestCase"
      "type" => "->"
    ]
    30 => array:5 [
      "file" => "/var/www/html/vendor/phpunit/phpunit/src/Framework/TestCase.php"
      "line" => 521
      "function" => "runTest"
      "class" => "PHPUnit\Framework\TestCase"
      "type" => "->"
    ]
    31 => array:5 [
      "file" => "/var/www/html/vendor/phpunit/phpunit/src/Framework/TestRunner/TestRunner.php"
      "line" => 99
      "function" => "runBare"
      "class" => "PHPUnit\Framework\TestCase"
      "type" => "->"
    ]
    32 => array:5 [
      "file" => "/var/www/html/vendor/phpunit/phpunit/src/Framework/TestCase.php"
      "line" => 361
      "function" => "run"
      "class" => "PHPUnit\Framework\TestRunner"
      "type" => "->"
    ]
    33 => array:5 [
      "file" => "/var/www/html/vendor/phpunit/phpunit/src/Framework/TestSuite.php"
      "line" => 374
      "function" => "run"
      "class" => "PHPUnit\Framework\TestCase"
      "type" => "->"
    ]
    34 => array:5 [
      "file" => "/var/www/html/vendor/phpunit/phpunit/src/TextUI/TestRunner.php"
      "line" => 64
      "function" => "run"
      "class" => "PHPUnit\Framework\TestSuite"
      "type" => "->"
    ]
    35 => array:5 [
      "file" => "/var/www/html/vendor/phpunit/phpunit/src/TextUI/Application.php"
      "line" => 229
      "function" => "run"
      "class" => "PHPUnit\TextUI\TestRunner"
      "type" => "->"
    ]
    36 => array:5 [
      "file" => "/var/www/html/vendor/phpunit/phpunit/phpunit"
      "line" => 104
      "function" => "run"
      "class" => "PHPUnit\TextUI\Application"
      "type" => "->"
    ]
  ]
] // tests/Feature/Finance/DoubleEntryIntegrityTest.php:119

  [39;41;1m FAIL [39;49;22m[39m Tests\Feature\Finance\DoubleEntryIntegrityTest[39m
  [31;1mΓ¿»[39;22m[90m [39m[90msale checkout creates balanced journal entry[39m[90m                        [39m [90m4.33s[39m  
  [33;1m![39;22m[90m [39m[90mdouble entry engine throws exception on imbalance[39m[90m [39m[33mΓåÆ file_get_conten[39m[90mΓÇª[39m [90m0.06s[39m  
  [31mΓöÇΓöÇΓöÇΓöÇΓöÇΓöÇΓöÇΓöÇΓöÇΓöÇΓöÇΓöÇΓöÇΓöÇΓöÇΓöÇΓöÇΓöÇΓöÇΓöÇΓöÇΓöÇΓöÇΓöÇΓöÇΓöÇΓöÇΓöÇΓöÇΓöÇΓöÇΓöÇΓöÇΓöÇΓöÇΓöÇΓöÇΓöÇΓöÇΓöÇΓöÇΓöÇΓöÇΓöÇΓöÇΓöÇΓöÇΓöÇΓöÇΓöÇΓöÇΓöÇΓöÇΓöÇΓöÇΓöÇΓöÇΓöÇΓöÇΓöÇΓöÇΓöÇΓöÇΓöÇΓöÇΓöÇΓöÇΓöÇΓöÇΓöÇΓöÇΓöÇΓöÇΓöÇΓöÇΓöÇ[39m  
  [41;1m FAILED [49;22m [1mTests\Feature\Finance\DoubleEntryIntegrityTest[22m [90m>[39m sale checkout crΓÇª   
[39;1m  Expected response status code [201] but received 500.
Failed asserting that 500 is identical to 201.[39;22m

  at [32mtests/Feature/Finance/DoubleEntryIntegrityTest.php[39m:[32m121[39m
    117Γûò         $response = $this->postJson('/api/v1/checkout', $payload);
    118Γûò         if ($response->status() !== 201) {
    119Γûò             dump($response->json());
    120Γûò         }
  Γ₧£ 121Γûò         $response->assertStatus(201);
    122Γûò 
    123Γûò         $transactionId = $response->json('transaction_id');
    124Γûò 
    125Γûò         // Verify Journal Entry exists


  [90mTests:[39m    [31;1m1 failed[39;22m[90m,[39m[39m [39m[33;1m1 warning[39;22m[90m (2 assertions)[39m
  [90mDuration:[39m [39m4.52s[39m

